<?xml version="1.0" encoding="utf-8"?>
<TestRun id="e3f98c6a-bd40-4e6b-b579-a5730bad69f0" name="@Russells-Mac-Studio 2026-10-01 12:04:23.4207900" xmlns="http://microsoft.com/schemas/VisualStudio/TeamTest/2010">
  <Times creation="2026-10-01T12:04:23.139119Z" queuing="2026-10-01T12:04:23.139119Z" start="2026-10-01T12:04:23.139119Z" finish="2026-10-01T12:04:23.421044Z" />
  <TestSettings name="default" id="f1bf761f-9e57-41e3-90df-919b63c86f68">
    <Deployment runDeploymentRoot="_Russells-Mac-Studio_2026-10-01_12_04_23.4207900" />
  </TestSettings>
  <Results>
    <UnitTestResult executionId="31ec50f4-9417-424d-8924-94f618f8a689" testId="900d4552-1a2c-e607-e702-85044a81b18b" testName="MtpProbe.Probe.Fail" computerName="Russells-Mac-Studio" duration="00:00:00.0080000" startTime="2026-10-01T12:04:23.3621930+00:00" endTime="2026-10-01T12:04:23.3896980+00:00" testType="13CDC9D9-DDB5-4fa4-A97D-D965CCFC6D4B" outcome="Failed" testListId="8C84FA94-04C1-424b-9868-57A2D4851A1D" relativeResultsDirectory="31ec50f4-9417-424d-8924-94f618f8a689">
      <Output>
        <ErrorInfo>
          <Message>MTP_ASSERTION</Message>
          <StackTrace>   at MtpProbe.Probe.Fail() in /private/tmp/cem10-build/mtp/xunit/Probe.cs:line 1
   at System.Reflection.MethodBaseInvoker.InterpretedInvoke_Method(Object obj, IntPtr* args)
   at System.Reflection.MethodBaseInvoker.InvokeWithNoArgs(Object obj, BindingFlags invokeAttr)</StackTrace>
        </ErrorInfo>
      </Output>
    </UnitTestResult>
  </Results>
  <TestDefinitions>
    <UnitTest name="MtpProbe.Probe.Fail" storage="/private/tmp/cem10-build/mtp/xunit/bin/debug/net10.0/probe.dll" id="900d4552-1a2c-e607-e702-85044a81b18b">
      <Execution id="31ec50f4-9417-424d-8924-94f618f8a689" />
      <TestMethod codeBase="/private/tmp/cem10-build/mtp/xunit/bin/Debug/net10.0/Probe.dll" adapterTypeName="executor://30ea7c6e-dd24-4152-a360-1387158cd41d/4.0.1" className="MtpProbe.Probe" name="Fail" />
    </UnitTest>
  </TestDefinitions>
  <TestEntries>
    <TestEntry testId="900d4552-1a2c-e607-e702-85044a81b18b" executionId="31ec50f4-9417-424d-8924-94f618f8a689" testListId="8C84FA94-04C1-424b-9868-57A2D4851A1D" />
  </TestEntries>
  <TestLists>
    <TestList name="Results Not in a List" id="8C84FA94-04C1-424b-9868-57A2D4851A1D" />
    <TestList name="All Loaded Results" id="19431567-8539-422a-85d7-44ee4e166bda" />
  </TestLists>
  <ResultSummary outcome="Failed">
    <Counters total="1" executed="1" passed="0" failed="1" error="0" timeout="0" aborted="0" inconclusive="0" passedButRunAborted="0" notRunnable="0" notExecuted="0" disconnected="0" warning="0" completed="0" inProgress="0" pending="0" />
    <RunInfos>
      <RunInfo computerName="Russells-Mac-Studio" outcome="Error" timestamp="2026-10-01T12:04:23.42546">
        <Text>Exit code indicates failure: '2'. Please refer to https://aka.ms/testingplatform/exitcodes for more information.</Text>
      </RunInfo>
    </RunInfos>
  </ResultSummary>
</TestRun>