<?xml version="1.0" encoding="utf-8"?>
<TestRun id="953623fc-a0c1-4c88-a90c-5ab7f3898dd6" name="@Russells-Mac-Studio 2026-10-01 06:57:13" xmlns="http://microsoft.com/schemas/VisualStudio/TeamTest/2010">
  <Times creation="2026-10-01T06:57:13.1941990-04:00" queuing="2026-10-01T06:57:13.1941990-04:00" start="2026-10-01T06:57:12.7256740-04:00" finish="2026-10-01T06:57:13.1972800-04:00" />
  <TestSettings name="default" id="a4a17067-158e-4dbe-86e2-543d143c0366">
    <Deployment runDeploymentRoot="_Russells-Mac-Studio_2026-10-01_06_57_13" />
  </TestSettings>
  <Results>
    <UnitTestResult executionId="2abdb3b9-fbe5-4f21-a97c-da45b3154e99" testId="0498576f-f7b1-faa1-9b04-1b387d91c28a" testName="Pass" computerName="Russells-Mac-Studio" duration="00:00:00.0007400" startTime="2026-10-01T06:57:13.1205860-04:00" endTime="2026-10-01T06:57:13.1213270-04:00" testType="13cdc9d9-ddb5-4fa4-a97d-d965ccfc6d4b" outcome="Passed" testListId="8c84fa94-04c1-424b-9868-57a2d4851a1d" relativeResultsDirectory="2abdb3b9-fbe5-4f21-a97c-da45b3154e99" />
    <UnitTestResult executionId="7c2f760d-61c3-45b7-afa4-e0ad50643e01" testId="e4c66140-2802-5d79-cc22-9cabd93d262d" testName="Fail" computerName="Russells-Mac-Studio" duration="00:00:00.0158030" startTime="2026-10-01T06:57:13.1011070-04:00" endTime="2026-10-01T06:57:13.1168510-04:00" testType="13cdc9d9-ddb5-4fa4-a97d-d965ccfc6d4b" outcome="Failed" testListId="8c84fa94-04c1-424b-9868-57a2d4851a1d" relativeResultsDirectory="7c2f760d-61c3-45b7-afa4-e0ad50643e01">
      <Output>
        <ErrorInfo>
          <Message>deliberate</Message>
          <StackTrace>   at Probe.Fail() in /private/tmp/cem10-build/native/dotnet/Probe.cs:line 2

1)    at Probe.Fail() in /private/tmp/cem10-build/native/dotnet/Probe.cs:line 2

</StackTrace>
        </ErrorInfo>
      </Output>
    </UnitTestResult>
    <UnitTestResult executionId="ddf19559-b00f-4458-a3c7-54083d429d48" testId="4c0230bb-19b7-3832-329a-7a755af03f29" testName="Skip" computerName="Russells-Mac-Studio" duration="00:00:00.0006200" startTime="2026-10-01T06:57:13.1213480-04:00" endTime="2026-10-01T06:57:13.1219680-04:00" testType="13cdc9d9-ddb5-4fa4-a97d-d965ccfc6d4b" outcome="NotExecuted" testListId="8c84fa94-04c1-424b-9868-57a2d4851a1d" relativeResultsDirectory="ddf19559-b00f-4458-a3c7-54083d429d48">
      <Output>
        <StdOut>deliberate</StdOut>
        <ErrorInfo>
          <Message>deliberate</Message>
        </ErrorInfo>
      </Output>
    </UnitTestResult>
  </Results>
  <TestDefinitions>
    <UnitTest name="Pass" storage="/private/tmp/cem10-build/native/dotnet/bin/debug/net9.0/probe.dll" id="0498576f-f7b1-faa1-9b04-1b387d91c28a">
      <Execution id="2abdb3b9-fbe5-4f21-a97c-da45b3154e99" />
      <TestMethod codeBase="/private/tmp/cem10-build/native/dotnet/bin/Debug/net9.0/Probe.dll" adapterTypeName="executor://nunit3testexecutor/" className="Probe" name="Pass" />
    </UnitTest>
    <UnitTest name="Skip" storage="/private/tmp/cem10-build/native/dotnet/bin/debug/net9.0/probe.dll" id="4c0230bb-19b7-3832-329a-7a755af03f29">
      <Execution id="ddf19559-b00f-4458-a3c7-54083d429d48" />
      <TestMethod codeBase="/private/tmp/cem10-build/native/dotnet/bin/Debug/net9.0/Probe.dll" adapterTypeName="executor://nunit3testexecutor/" className="Probe" name="Skip" />
    </UnitTest>
    <UnitTest name="Fail" storage="/private/tmp/cem10-build/native/dotnet/bin/debug/net9.0/probe.dll" id="e4c66140-2802-5d79-cc22-9cabd93d262d">
      <Execution id="7c2f760d-61c3-45b7-afa4-e0ad50643e01" />
      <TestMethod codeBase="/private/tmp/cem10-build/native/dotnet/bin/Debug/net9.0/Probe.dll" adapterTypeName="executor://nunit3testexecutor/" className="Probe" name="Fail" />
    </UnitTest>
  </TestDefinitions>
  <TestEntries>
    <TestEntry testId="0498576f-f7b1-faa1-9b04-1b387d91c28a" executionId="2abdb3b9-fbe5-4f21-a97c-da45b3154e99" testListId="8c84fa94-04c1-424b-9868-57a2d4851a1d" />
    <TestEntry testId="e4c66140-2802-5d79-cc22-9cabd93d262d" executionId="7c2f760d-61c3-45b7-afa4-e0ad50643e01" testListId="8c84fa94-04c1-424b-9868-57a2d4851a1d" />
    <TestEntry testId="4c0230bb-19b7-3832-329a-7a755af03f29" executionId="ddf19559-b00f-4458-a3c7-54083d429d48" testListId="8c84fa94-04c1-424b-9868-57a2d4851a1d" />
  </TestEntries>
  <TestLists>
    <TestList name="Results Not in a List" id="8c84fa94-04c1-424b-9868-57a2d4851a1d" />
    <TestList name="All Loaded Results" id="19431567-8539-422a-85d7-44ee4e166bda" />
  </TestLists>
  <ResultSummary outcome="Failed">
    <Counters total="3" executed="2" passed="1" failed="1" error="0" timeout="0" aborted="0" inconclusive="0" passedButRunAborted="0" notRunnable="0" notExecuted="0" disconnected="0" warning="0" completed="0" inProgress="0" pending="0" />
    <Output>
      <StdOut>NUnit Adapter 5.0.0.0: Test execution started
Running all tests in /private/tmp/cem10-build/native/dotnet/bin/Debug/net9.0/Probe.dll
   NUnit3TestExecutor discovered 3 of 3 NUnit test cases using Current Discovery mode, Non-Explicit run
Skip: deliberate
NUnit Adapter 5.0.0.0: Test execution complete
Test 'Skip' was skipped in the test run.
</StdOut>
    </Output>
  </ResultSummary>
</TestRun>