<?xml version="1.0" encoding="utf-8"?>
<TestRun id="5119ff7e-3ea9-47d0-9f99-27de371eede1" name="@Russells-Mac-Studio 2026-10-01 12:04:18.8247870" xmlns="http://microsoft.com/schemas/VisualStudio/TeamTest/2010">
  <Times creation="2026-10-01T12:04:18.662364Z" queuing="2026-10-01T12:04:18.662364Z" start="2026-10-01T12:04:18.662364Z" finish="2026-10-01T12:04:18.825104Z" />
  <TestSettings name="default" id="fa91044b-a1cc-4901-82e3-b1ab09248ff2">
    <Deployment runDeploymentRoot="_Russells-Mac-Studio_2026-10-01_12_04_18.8247870" />
  </TestSettings>
  <Results>
    <UnitTestResult executionId="d8c7ed12-9fde-408b-9b70-fac00687fd92" testId="833b8e90-a72e-333c-dad0-27265d95b4a4" testName="Fail" computerName="Russells-Mac-Studio" duration="00:00:00.0161000" startTime="2026-10-01T12:04:18.7880950+00:00" endTime="2026-10-01T12:04:18.8041620+00:00" testType="13CDC9D9-DDB5-4fa4-A97D-D965CCFC6D4B" outcome="Failed" testListId="8C84FA94-04C1-424b-9868-57A2D4851A1D" relativeResultsDirectory="d8c7ed12-9fde-408b-9b70-fac00687fd92">
      <Output>
        <ErrorInfo>
          <Message>  MTP_ASSERTION
Assert.That(1, Is.EqualTo(2))
  Expected: 2
  But was:  1
</Message>
          <StackTrace>   at MtpProbe.Probe.Fail() in /private/tmp/cem10-build/mtp/nunit/Probe.cs:line 1

1)    at MtpProbe.Probe.Fail() in /private/tmp/cem10-build/mtp/nunit/Probe.cs:line 1

</StackTrace>
        </ErrorInfo>
      </Output>
    </UnitTestResult>
  </Results>
  <TestDefinitions>
    <UnitTest name="Fail" storage="/private/tmp/cem10-build/mtp/nunit/bin/debug/net10.0/probe.dll" id="833b8e90-a72e-333c-dad0-27265d95b4a4">
      <Execution id="d8c7ed12-9fde-408b-9b70-fac00687fd92" />
      <TestMethod codeBase="/private/tmp/cem10-build/mtp/nunit/bin/Debug/net10.0/Probe.dll" adapterTypeName="executor://NUnitExtension/6.3.0+b5a66c0f74e52257b3ec1e04abc3ef812a7e74d5" className="MtpProbe.Probe" name="Fail" />
    </UnitTest>
  </TestDefinitions>
  <TestEntries>
    <TestEntry testId="833b8e90-a72e-333c-dad0-27265d95b4a4" executionId="d8c7ed12-9fde-408b-9b70-fac00687fd92" testListId="8C84FA94-04C1-424b-9868-57A2D4851A1D" />
  </TestEntries>
  <TestLists>
    <TestList name="Results Not in a List" id="8C84FA94-04C1-424b-9868-57A2D4851A1D" />
    <TestList name="All Loaded Results" id="19431567-8539-422a-85d7-44ee4e166bda" />
  </TestLists>
  <ResultSummary outcome="Failed">
    <Counters total="1" executed="1" passed="0" failed="1" error="0" timeout="0" aborted="0" inconclusive="0" passedButRunAborted="0" notRunnable="0" notExecuted="0" disconnected="0" warning="0" completed="0" inProgress="0" pending="0" />
    <RunInfos>
      <RunInfo computerName="Russells-Mac-Studio" outcome="Error" timestamp="2026-10-01T12:04:18.8295">
        <Text>Exit code indicates failure: '2'. Please refer to https://aka.ms/testingplatform/exitcodes for more information.</Text>
      </RunInfo>
    </RunInfos>
  </ResultSummary>
</TestRun>